[HIaQT77UZQTHPvhv/index2d36.html]
[backblue.gif]
[fade.gif]
[index.html]
[HIaQT77UZQTHPvhv/index2d36.html]
[HIaQT77UZQTHPvhv/static/index/plugins/icheck-bootstrap/icheck-bootstrap.min.css]
[HIaQT77UZQTHPvhv/static/index/css/adminlte.min.css]
[HIaQT77UZQTHPvhv/static/index/plugins/sweetalert2/sweetalert2.min.css]
[HIaQT77UZQTHPvhv/static/index/css/LineIcons.2.0.css]
[HIaQT77UZQTHPvhv/static/index/css/tiny-slider.css]
[HIaQT77UZQTHPvhv/static/index/css/animate.html]
[HIaQT77UZQTHPvhv/static/index/css/animate.html]
[HIaQT77UZQTHPvhv/static/index/plugins/jquery/jquery.min.js]
[HIaQT77UZQTHPvhv/static/index/plugins/bootstrap/js/bootstrap.bundle.min.js]
[HIaQT77UZQTHPvhv/static/index/css/main.css]
[HIaQT77UZQTHPvhv/static/index/css/bootstrap-5.0.0-beta1.min.css]
[HIaQT77UZQTHPvhv/static/index/css/cf.errors.css]
[HIaQT77UZQTHPvhv/static/index/plugins/jquery-validation/localization/messages_zh.min.js]
[HIaQT77UZQTHPvhv/static/index/plugins/sweetalert2/sweetalert2.all.min.js]
[HIaQT77UZQTHPvhv/static/index/plugins/jquery-validation/jquery.validate.min.js]
[HIaQT77UZQTHPvhv/static/index/js/adminlte.min.js]
[HIaQT77UZQTHPvhv/uploads/uploads/20230316/de1351befb7bd2553368e258dfc1266c.png]
[HIaQT77UZQTHPvhv/static/index/js/index.js]
[HIaQT77UZQTHPvhv/uploads/uploads/20230225/8b9848b5c546465cd6fa14e51ca79c63.jpg]
[HIaQT77UZQTHPvhv/uploads/uploads/20230316/6bf1638c858e41bf413f152c7b2c745d.png]
[HIaQT77UZQTHPvhv/uploads/uploads/20230225/3ccfb9cbedf0222956de13581cf11c19.jpg]
[HIaQT77UZQTHPvhv/uploads/uploads/20230225/15b4b14cad79e5eb7fb98d5097aade9f.png]
[HIaQT77UZQTHPvhv/static/index/font/LineIcons.eot]
[yojVPExLKor8AiGy/uploads/uploads/20220812/d5fa00fbbe5204a0b84e7ae147d637fc.png]
[HIaQT77UZQTHPvhv/static/index/font/LineIcons.woff2]
[HIaQT77UZQTHPvhv/static/index/font/LineIcons.woff]
[HIaQT77UZQTHPvhv/static/index/font/LineIcons.ttf]
[HIaQT77UZQTHPvhv/static/index/css/css2.css]
[HIaQT77UZQTHPvhv/static/index/image/hero-bg-1.html]
[HIaQT77UZQTHPvhv/static/index/image/hero-bg-1.html]
[HIaQT77UZQTHPvhv/index.html]
[HIaQT77UZQTHPvhv/static/index/image/testimonial-bg.html]
[HIaQT77UZQTHPvhv/static/index/image/testimonial-bg.html]
[HIaQT77UZQTHPvhv/static/index/image/icon-exclamation.html]
[HIaQT77UZQTHPvhv/static/index/image/cf-icon-horizontal-arrow.html]
[HIaQT77UZQTHPvhv/static/index/image/browser-bar.html]
[HIaQT77UZQTHPvhv/static/index/image/cf-no-screenshot-warn.html]
[HIaQT77UZQTHPvhv/static/index/image/cf-no-screenshot-error.html]
[HIaQT77UZQTHPvhv/static/index/image/cf-icon-ok.html]
[HIaQT77UZQTHPvhv/static/index/image/cf-icon-error.html]
[HIaQT77UZQTHPvhv/static/index/image/cf-icon-browser.html]
[HIaQT77UZQTHPvhv/static/index/image/cf-icon-cloud.html]
[HIaQT77UZQTHPvhv/static/index/image/cf-icon-server.html]
[HIaQT77UZQTHPvhv/static/index/font/k3kPo8UDI-1M0wlSV9XAw6lQkqWY8Q82sLySOxK-vA.woff2]
[HIaQT77UZQTHPvhv/index.html]
[HIaQT77UZQTHPvhv/static/index/font/k3kPo8UDI-1M0wlSV9XAw6lQkqWY8Q82sLyTOxK-vA.woff2]
[HIaQT77UZQTHPvhv/static/index/font/k3kPo8UDI-1M0wlSV9XAw6lQkqWY8Q82sLydOxI.woff2]
[HIaQT77UZQTHPvhv/static/index/image/icon-exclamation.html]
[HIaQT77UZQTHPvhv/static/index/image/cf-icon-horizontal-arrow.html]
[HIaQT77UZQTHPvhv/static/index/image/browser-bar.html]
[HIaQT77UZQTHPvhv/static/index/font/pxiEyp8kv8JHgFVrJJbecmNE.woff2]
[HIaQT77UZQTHPvhv/static/index/font/HTxqL289NzCGg4MzN6KJ7eW6CYyF_g.woff2]
[HIaQT77UZQTHPvhv/static/index/font/HTxqL289NzCGg4MzN6KJ7eW6CYKF_i7y.woff2]
[HIaQT77UZQTHPvhv/static/index/font/pxiEyp8kv8JHgFVrJJnecmNE.woff2]
[HIaQT77UZQTHPvhv/static/index/image/cf-no-screenshot-warn.html]
[HIaQT77UZQTHPvhv/static/index/image/cf-no-screenshot-error.html]
[HIaQT77UZQTHPvhv/static/index/image/cf-icon-ok.html]
[HIaQT77UZQTHPvhv/static/index/font/pxiByp8kv8JHgFVrLGT9Z1JlFc-K.woff2]
[HIaQT77UZQTHPvhv/static/index/font/pxiEyp8kv8JHgFVrJJfecg.woff2]
[HIaQT77UZQTHPvhv/static/index/font/pxiByp8kv8JHgFVrLGT9Z11lFc-K.woff2]
[HIaQT77UZQTHPvhv/static/index/font/pxiByp8kv8JHgFVrLGT9Z1xlFQ.woff2]
[HIaQT77UZQTHPvhv/static/index/image/cf-icon-error.html]
[HIaQT77UZQTHPvhv/static/index/font/pxiByp8kv8JHgFVrLEj6Z11lFc-K.woff2]
[HIaQT77UZQTHPvhv/static/index/image/cf-icon-browser.html]
[HIaQT77UZQTHPvhv/static/index/image/cf-icon-cloud.html]
[HIaQT77UZQTHPvhv/static/index/image/cf-icon-server.html]
[HIaQT77UZQTHPvhv/static/index/font/pxiByp8kv8JHgFVrLEj6Z1JlFc-K.woff2]
[HIaQT77UZQTHPvhv/static/index/font/pxiByp8kv8JHgFVrLEj6Z1xlFQ.woff2]
[HIaQT77UZQTHPvhv/static/index/font/pxiByp8kv8JHgFVrLCz7Z11lFc-K.woff2]
[HIaQT77UZQTHPvhv/static/index/font/pxiByp8kv8JHgFVrLCz7Z1JlFc-K.woff2]
[HIaQT77UZQTHPvhv/static/index/font/pxiByp8kv8JHgFVrLCz7Z1xlFQ.woff2]
[HIaQT77UZQTHPvhv/static/index/font/pxiByp8kv8JHgFVrLDD4Z11lFc-K.woff2]
[HIaQT77UZQTHPvhv/static/index/font/pxiByp8kv8JHgFVrLDD4Z1JlFc-K.woff2]
[HIaQT77UZQTHPvhv/static/index/font/pxiByp8kv8JHgFVrLDD4Z1xlFQ.woff2]
[HIaQT77UZQTHPvhv/uploads/uploads/20221016/e5cf1f696c603190d07aa3d6cdc3ed6b.png]
[HIaQT77UZQTHPvhv/uploads/uploads/20230418/8ffef4da4cf7b4421a38a1487853f3d8.png]
[HIaQT77UZQTHPvhv/uploads/uploads/20230418/a4fbe20ee9b82dfd8c18547316284bf2.png]
[HIaQT77UZQTHPvhv/uploads/uploads/20230418/4a043a76d9a6c0babfb02294867858d5.png]
[HIaQT77UZQTHPvhv/uploads/uploads/20221016/a8e4a0178796bd893610df77a2e244af.png]
[connect.facebook.net/en_US/fbevents.js]
